------------------------------------------------------------
Timing Analyzer Summary
------------------------------------------------------------

Type  : Slow 1100mV 85C Model Setup 'clk'
Slack : 11.943
TNS   : 0.000

Type  : Slow 1100mV 85C Model Hold 'clk'
Slack : 0.284
TNS   : 0.000

Type  : Slow 1100mV 85C Model Minimum Pulse Width 'clk'
Slack : 9.391
TNS   : 0.000

Type  : Slow 1100mV 0C Model Setup 'clk'
Slack : 11.910
TNS   : 0.000

Type  : Slow 1100mV 0C Model Hold 'clk'
Slack : 0.268
TNS   : 0.000

Type  : Slow 1100mV 0C Model Minimum Pulse Width 'clk'
Slack : 9.322
TNS   : 0.000

Type  : Fast 1100mV 85C Model Setup 'clk'
Slack : 15.384
TNS   : 0.000

Type  : Fast 1100mV 85C Model Hold 'clk'
Slack : 0.164
TNS   : 0.000

Type  : Fast 1100mV 85C Model Minimum Pulse Width 'clk'
Slack : 9.414
TNS   : 0.000

Type  : Fast 1100mV 0C Model Setup 'clk'
Slack : 15.731
TNS   : 0.000

Type  : Fast 1100mV 0C Model Hold 'clk'
Slack : 0.151
TNS   : 0.000

Type  : Fast 1100mV 0C Model Minimum Pulse Width 'clk'
Slack : 9.415
TNS   : 0.000

------------------------------------------------------------
