------------------------------------------------------------
Timing Analyzer Summary
------------------------------------------------------------

Type  : Slow 1100mV 85C Model Setup 'clk'
Slack : 12.611
TNS   : 0.000

Type  : Slow 1100mV 85C Model Hold 'clk'
Slack : 0.368
TNS   : 0.000

Type  : Slow 1100mV 85C Model Minimum Pulse Width 'clk'
Slack : 9.398
TNS   : 0.000

Type  : Slow 1100mV 0C Model Setup 'clk'
Slack : 12.545
TNS   : 0.000

Type  : Slow 1100mV 0C Model Hold 'clk'
Slack : 0.384
TNS   : 0.000

Type  : Slow 1100mV 0C Model Minimum Pulse Width 'clk'
Slack : 9.321
TNS   : 0.000

Type  : Fast 1100mV 85C Model Setup 'clk'
Slack : 15.793
TNS   : 0.000

Type  : Fast 1100mV 85C Model Hold 'clk'
Slack : 0.178
TNS   : 0.000

Type  : Fast 1100mV 85C Model Minimum Pulse Width 'clk'
Slack : 9.415
TNS   : 0.000

Type  : Fast 1100mV 0C Model Setup 'clk'
Slack : 16.083
TNS   : 0.000

Type  : Fast 1100mV 0C Model Hold 'clk'
Slack : 0.170
TNS   : 0.000

Type  : Fast 1100mV 0C Model Minimum Pulse Width 'clk'
Slack : 9.418
TNS   : 0.000

------------------------------------------------------------
